((((6,#H7:::0.2856030435563703):10.0,5):0.5191607785499526,3):0.48941882463229214,(2,(1)#H7:::0.7143969564436297):1.5121336303781006,4); -Ploglik = 126.74250981974951
 Dendroscope: ((((6,#H7):10.0,5):0.5191607785499526,3):0.48941882463229214,(2,(1)#H7):1.5121336303781006,4);
 Elapsed time: 6.993290717 seconds in 5 successful runs
-------
List of estimated networks for all runs:
 (4,(((6,5):0.3353470932867715,3):0.12573320879015532,(1,(2)#H7:5.733697896500873::0.6269752705040429):0.8082647465545645):0.4002196144174887,#H7:0.07458340422944992::0.3730247294959571);, with -loglik 155.496257345519
 ((((6,#H7:::0.2856030435563703):10.0,5):0.5191607785499526,3):0.48941882463229214,(2,(1)#H7:::0.7143969564436297):1.5121336303781006,4);, with -loglik 126.74250981974951
 (((3,(5,(6)#H7:::0.6922870947532545):1.7390957703886551):0.4598961082497883,4):0.6610717818675633,(1,#H7:::0.3077129052467456):8.879027867903215,2);, with -loglik 128.2264279467482
 (3,((2,#H7:::0.32675875153374256):10.0,1):1.1071480539184226,((5,6):0.29503688508386916,(4)#H7:::0.6732412484662574):0.04619015937942773);, with -loglik 158.1387467189919
 ((3,(6,5):0.32545396986099545):0.0,(1,(2,#H7:::0.31783040568500653):9.999199878494535):1.1135649304712412,(4)#H7:::0.6821695943149935);, with -loglik 158.6226916101674
-------
