(4:0.66,(((6:3.5,(5:0.349)#H9:0.168::0.589):0.578,(#H9:0.0::0.411,3:0.0):0.366):0.0,(1:2.236,(2:0.142)#H7:9.779::0.628):0.793):0.393,#H7:5.775::0.372);
 -Ploglik = 112.85311439829204
 Dendroscope: (4:0.66,(((6:3.5,(5:0.349)#H9:0.168):0.578,(#H9:0.0,3:0.0):0.366):0.0,(1:2.236,(2:0.142)#H7:9.779):0.793):0.393,#H7:5.775);
 Elapsed time: 21.852749094 seconds in 10 successful runs
-------
List of estimated networks for all runs:
 ((3,((6,#H7:::0.286):10.0,5):0.519):0.489,(2,(1)#H7:::0.714):1.512,4);, with -loglik 126.74250981975123
 (4,((5,(6,#H7:::0.286):10.0):0.519,3):0.489,(2,(1)#H7:::0.714):1.512);, with -loglik 126.74250981974944
 (4,((1,(2)#H7:9.336::0.628):0.793,((6,(5)#H9:1.873::0.589):0.578,(3,#H9:0.0::0.411):0.366):0.0):0.393,#H7:0.619::0.372);, with -loglik 112.85311441301114
 ((((5,#H7:::0.335):10.0,6):0.866,4):0.038,(2,1):0.461,(3)#H7:::0.665);, with -loglik 165.4147783831256
 (4,((5,#H7:::0.335):10.0,6):0.866,((1,2):0.461,(3)#H7:::0.665):0.038);, with -loglik 165.41477837882883
 ((2,(1)#H7:::0.714):1.512,(3,(5,(6,#H7:::0.286):10.0):0.519):0.489,4);, with -loglik 126.74250981975212
 (2,(3,(((4,1):0.0)#H9:0.0::0.504,(5,6):0.25):0.139):9.989,#H9:0.0::0.496);, with -loglik 192.10453903132804
 ((2,(1)#H7:::0.714):1.512,((5,(6,#H7:::0.286):10.0):0.519,3):0.489,4);, with -loglik 126.74250981975148
 (4,(((6,(5)#H9:0.168::0.589):0.578,(#H9:0.0::0.411,3):0.366):0.0,(1,(2)#H7:9.779::0.628):0.793):0.393,#H7:5.775::0.372);, with -loglik 112.85311439829204
 ((5,(6,#H9:::0.294):10.0):1.131,3,(((4,#H7:2.035::0.377):0.414,(1,(2)#H7:0.23::0.623):0.821))#H9:::0.706);, with -loglik 116.38467328485964
-------